[
  {
    "Description": "no lot/sequence",
    "Entropy": "mSQdWCRciDiW+AhD0oRmctcxLmGVyhps",
    "PassphraseCode": "passphrasepxFy57B9v8HtUsszJYKReoNDV6VHjUSGt8EVJmux9n1J3Ltf1gRxyDGXqnf9qm",
    "Compressed": false,
    "Expect": {
      "PrivKey": "6PfQu77ygVyJLZjfvMLyhLMQbYnu5uguoJJ4kMCLqWwPEdfpwANVS76gTX",
      "ConfirmationCode": "cfrm38V5UPS5Aik2Z91tWbgNUTDmL4uKyUF4CX7wATVikgxRfg9tjCT7Mdon16uVeWCJqjnFGts",
      "Bad": false
    }
  },
  {
    "Description": "no lot/sequence",
    "Entropy": "SREeMB2U6rM5/59oIu6Z2fSWBts7R6SX",
    "PassphraseCode": "passphraseoRDGAXTWzbp72eVbtUDdn1rwpgPUGjNZEc6CGBo8i5EC1FPW8wcnLdq4ThKzAS",
    "Compressed": false,
    "Expect": {
      "PrivKey": "6PfLGnQs6VZnrNpmVKfjotbnQuaJK4KZoPFrAjx1JMJUa1Ft8gnf5WxfKd",
      "ConfirmationCode": "cfrm38V5DK6HEHLdYfLRsiJmSAMdPypxESZ4rPcWWo3Jx6rvBNSL79ZbwbGDh2KNvniTEM1ib3v",
      "Bad": false
    }
  },
  {
    "Description": "with lot/sequence numbers",
    "Entropy": "h6E7B4WPp1PNOrPxxer7XxJXm2wzyaU/",
    "PassphraseCode": "passphraseaB8feaLQDENqCgr4gKZpmf4VoaT6qdjJNJiv7fsKvjqavcJxvuR1hy25aTu5sX",
    "Compressed": false,
    "Expect": {
      "PrivKey": "6PgNBNNzDkKdhkT6uJntUXwwzQV8Rr2tZcbkDcuC9DZRsS6AtHts4Ypo1j",
      "ConfirmationCode": "cfrm38V8aXBn7JWA1ESmFMUn6erxeBGZGAxJPY4e36S9QWkzZKtaVqLNMgnifETYw7BPwWC9aPD",
      "Bad": false
    }
  },
  {
    "Description": "with lot/sequence numbers",
    "Entropy": "A7BqHqf5IZrjZFYNe5hasfonAlqqfkJ6",
    "PassphraseCode": "passphrased3z9rQJHSyBkNBwTRPkUGNVEVrUAcfAXDyRU1V28ie6hNFbqDwbFBvsTK7yWVK",
    "Compressed": false,
    "Expect": {
      "PrivKey": "6PgGWtx25kUg8QWvwuJAgorN6k9FbE25rv5dMRwu5SKMnfpfVe5mar2ngH",
      "ConfirmationCode": "cfrm38V8G4qq2ywYEFfWLD5Cc6msj9UwsG2Mj4Z6QdGJAFQpdatZLavkgRd1i4iBMdRngDqDs51",
      "Bad": false
    }
  },
  {
    "Description": "compressed, no lot/sequence numbers",
    "Entropy": "mSQdWCRciDiW+AhD0oRmctcxLmGVyhps",
    "PassphraseCode": "passphrasepxFy57B9v8HtUsszJYKReoNDV6VHjUSGt8EVJmux9n1J3Ltf1gRxyDGXqnf9qm",
    "Compressed": true,
    "Expect": {
      "PrivKey": "6PnPMsU3sHYxCwsPmrUeoygmCNw1LWUa4CzDwRSfokwmySwqXYfnPNMxDo",
      "ConfirmationCode": "cfrm38VUCLt2TQxAbVcZKYcZWx8cg4A8LjL9Fx1mL6zn7jJnAfeUYiJGrLsmU1pci4M3QEeeGc3",
      "Bad": false
    }
  },
  {
    "Description": "invalid magic in pass point in passphrase code",
    "Entropy": "mSQdWCRciDiW+AhD0oRmctcxLmGVyhps",
    "PassphraseCode": "passphrasepxFy57B9v8HtQzPdqeFioSuwqw5UaESNEvgf5YUek6FimCgAiJdyfCVYageLJ4",
    "Compressed": false,
    "Expect": {
      "Bad": true
    }
  },
  {
    "Description": "invalid base58 checksum of passphrase code",
    "Entropy": "mSQdWCRciDiW+AhD0oRmctcxLmGVyhps",
    "PassphraseCode": "passphrasepxFy57B9v8HtUsszJYKReoNDV6VHjUSGt8EVJmux9n1J3Ltf1gRxyDGXqnf9qn",
    "Compressed": false,
    "Expect": {
      "Bad": true
    }
  },
  {
    "Description": "not enough entropy",
    "Entropy": "mSQdWCRciDiW+AhD0oRmctcxLmGVyho=",
    "PassphraseCode": "passphrasepxFy57B9v8HtUsszJYKReoNDV6VHjUSGt8EVJmux9n1J3Ltf1gRxyDGXqnf9qm",
    "Compressed": false,
    "Expect": {
      "Bad": true
    }
  }
]
