[
  {
    "Flag": 0,
    "AddrHash": "YrW3Ig==",
    "OwnerEntropy": "pQ26Z3LLk4M=",
    "B": "PM2OuA2AIa9nsOBmr5Q01c4hDMd4VrDLEloJs+JvWng=",
    "DerivedHalf1": "2i0yDiygiFdTaWAelN1x8hD8acBHo9D0i9uqtZWRbcc=",
    "DerivedHalf2": "uNCD6iZ4tacVWMD7DvpYtWUifQWt8MJfoLmnR1VHeCc=",
    "Passphrase": "TestingOneTwoThree",
    "ConfirmationCode": "cfrm38V5UPS5Aik2Z91tWbgNUTDmL4uKyUF4CX7wATVikgxRfg9tjCT7Mdon16uVeWCJqjnFGts"
  },
  {
    "Flag": 0,
    "AddrHash": "BZpUgQ==",
    "OwnerEntropy": "ZwEKlXNBiQY=",
    "B": "D7PsMQ+UHcrR56Cr011PhlMUGjK86mCRN2oGcgTIWPA=",
    "DerivedHalf1": "3H2ULqPGyJU7MO4BDBR6MiL29cUpI+KBhYMvZNhngbw=",
    "DerivedHalf2": "USDELiVQlGCJKsn+xF4bxSYTI44bXB6tnUG97qiJLFw=",
    "Passphrase": "Satoshi",
    "ConfirmationCode": "cfrm38V5DK6HEHLdYfLRsiJmSAMdPypxESZ4rPcWWo3Jx6rvBNSL79ZbwbGDh2KNvniTEM1ib3v"
  },
  {
    "Flag": 4,
    "AddrHash": "u0WM7w==",
    "OwnerEntropy": "T8pal0BA8AE=",
    "B": "cNh6vcLiUiIuDlc+17g5cWWc0zja9ciB2ovz7V3N8h8=",
    "DerivedHalf1": "qLxK01+2nMN/Epq7RYJF5FI8lxM7IqXK2IA1+Z0LHVA=",
    "DerivedHalf2": "/8gxeh6uozDh4XMFU57Fxc42Foo11tE/76IdXiyxwek=",
    "Passphrase": "MOLON LABE",
    "ConfirmationCode": "cfrm38V8aXBn7JWA1ESmFMUn6erxeBGZGAxJPY4e36S9QWkzZKtaVqLNMgnifETYw7BPwWC9aPD"
  },
  {
    "Flag": 4,
    "AddrHash": "SUrxNg==",
    "OwnerEntropy": "xA6nb8UBoAE=",
    "B": "aK6J0uL1Z7TOMU4HXgRkAIjyLNyAXnzpIoK+dXbi7mI=",
    "DerivedHalf1": "FHHSSyHCHhZPSCN+ml8JJkk79hGDc6DS4YOHp8NFZG0=",
    "DerivedHalf2": "aInSwwvpchh08QhE+5h5TeHKumK7ZZpRSS1PM8oyN9c=",
    "Passphrase": "ΜΟΛΩΝ ΛΑΒΕ",
    "ConfirmationCode": "cfrm38V8G4qq2ywYEFfWLD5Cc6msj9UwsG2Mj4Z6QdGJAFQpdatZLavkgRd1i4iBMdRngDqDs51"
  }
]
