[
  {
    "Description": "uncompressed",
    "Passphrase": "TestingOneTwoThree",
    "ConfirmationCode": "cfrm38V5UPS5Aik2Z91tWbgNUTDmL4uKyUF4CX7wATVikgxRfg9tjCT7Mdon16uVeWCJqjnFGts",
    "Expect": {
      "Address": "1PE6TQi6HTVNz5DLwB1LcpMBALubfuN2z2",
      "Bad": false
    }
  },
  {
    "Description": "uncompressed",
    "Passphrase": "Satoshi",
    "ConfirmationCode": "cfrm38V5DK6HEHLdYfLRsiJmSAMdPypxESZ4rPcWWo3Jx6rvBNSL79ZbwbGDh2KNvniTEM1ib3v",
    "Expect": {
      "Address": "1CqzrtZC6mXSAhoxtFwVjz8LtwLJjDYU3V",
      "Bad": false
    }
  },
  {
    "Description": "uncompressed",
    "Passphrase": "MOLON LABE",
    "ConfirmationCode": "cfrm38V8aXBn7JWA1ESmFMUn6erxeBGZGAxJPY4e36S9QWkzZKtaVqLNMgnifETYw7BPwWC9aPD",
    "Expect": {
      "Address": "1Jscj8ALrYu2y9TD8NrpvDBugPedmbj4Yh",
      "Bad": false
    }
  },
  {
    "Description": "uncompressed",
    "Passphrase": "ΜΟΛΩΝ ΛΑΒΕ",
    "ConfirmationCode": "cfrm38V8G4qq2ywYEFfWLD5Cc6msj9UwsG2Mj4Z6QdGJAFQpdatZLavkgRd1i4iBMdRngDqDs51",
    "Expect": {
      "Address": "1Lurmih3KruL4xDB5FmHof38yawNtP9oGf",
      "Bad": false
    }
  },
  {
    "Description": "compressed",
    "Passphrase": "TestingOneTwoThree",
    "ConfirmationCode": "cfrm38VUCLt2TQxAbVcZKYcZWx8cg4A8LjL9Fx1mL6zn7jJnAfeUYiJGrLsmU1pci4M3QEeeGc3",
    "Expect": {
      "Address": "1AtJUNDEkPfgiAY88vRaZAs9ZCTmoX5UMh",
      "Bad": false
    }
  },
  {
    "Description": "invalid base58 checksum",
    "Passphrase": "TestingOneTwoThree",
    "ConfirmationCode": "cfrm38V5UPS5Aik2Z91tWbgNUTDmL4uKyUF4CX7wATVikgxRfg9tjCT7Mdon16uVeWCJqjnFGtt",
    "Expect": {
      "Bad": true
    }
  },
  {
    "Description": "invalid code length",
    "Passphrase": "TestingOneTwoThree",
    "ConfirmationCode": "passphrasepxFy57B9v8HtUsszJYKReoNDV6VHjUSGt8EVJmux9n1J3Ltf1gRxyDGXqnf9qm",
    "Expect": {
      "Bad": true
    }
  },
  {
    "Description": "invalid pointprefix",
    "Passphrase": "TestingOneTwoThree",
    "ConfirmationCode": "cfrm38V5UPS5Aik2Z91tWbgNUMPXoNZERCDNo4NpSiditjA6vLJjn5vUzibTGeqofYB9MsZmCz9",
    "Expect": {
      "Bad": true
    }
  },
  {
    "Description": "invalid address hash",
    "Passphrase": "TestingOneTwoThree",
    "ConfirmationCode": "cfrm38V5UPS5Aik2Z91tWbgNURH29qTJ83Zq4hYEFssioNMekZYB5VcEZzjfkxDberBvM5pPV7A",
    "Expect": {
      "Bad": true
    }
  }
]
xDberBvM5pPV7A",
    "Expect": {
      "Address": "",
      "Bad": true
    }
  }
]
