[
  {
    "Description": "uncompressed, no lot/sequence",
    "Encrypted": "6PfQu77ygVyJLZjfvMLyhLMQbYnu5uguoJJ4kMCLqWwPEdfpwANVS76gTX",
    "Passphrase": "TestingOneTwoThree",
    "Expect": {
      "Decrypted": "A43A940577F4E97F5C4D39EB14FF083A98187C64EA7C99EF7CE460833959A519",
      "Bad": false
    }
  },
  {
    "Description": "uncompressed, no lot/sequence",
    "Encrypted": "6PfLGnQs6VZnrNpmVKfjotbnQuaJK4KZoPFrAjx1JMJUa1Ft8gnf5WxfKd",
    "Passphrase": "Satoshi",
    "Expect": {
      "Decrypted": "C2C8036DF268F498099350718C4A3EF3984D2BE84618C2650F5171DCC5EB660A",
      "Bad": false
    }
  },
  {
    "Description": "uncompressed, with lot/sequence",
    "Encrypted": "6PgNBNNzDkKdhkT6uJntUXwwzQV8Rr2tZcbkDcuC9DZRsS6AtHts4Ypo1j",
    "Passphrase": "MOLON LABE",
    "Expect": {
      "Decrypted": "44EA95AFBF138356A05EA32110DFD627232D0F2991AD221187BE356F19FA8190",
      "Bad": false
    }
  },
  {
    "Description": "uncompressed, with lot/sequence",
    "Encrypted": "6PgGWtx25kUg8QWvwuJAgorN6k9FbE25rv5dMRwu5SKMnfpfVe5mar2ngH",
    "Passphrase": "ΜΟΛΩΝ ΛΑΒΕ",
    "Expect": {
      "Decrypted": "CA2759AA4ADB0F96C414F36ABEB8DB59342985BE9FA50FAAC228C8E7D90E3006",
      "Bad": false
    }
  },
  {
    "Description": "corrupted encrypted part1",
    "Encrypted": "6PfQu77ygVyJLZjfvMLyC6yJ5ZL5YxH55rpxFNvDEQ42qgGRFAH2CqYosc",
    "Passphrase": "TestingOneTwoThree",
    "Expect": {
      "Bad": true
    }
  },
  {
    "Description": "invalid base58 checksum",
    "Encrypted": "6PfQu77ygVyJLZjfvMLyhLMQbYnu5uguoJJ4kMCLqWwPEdfpwANVS76gTY",
    "Passphrase": "TestingOneTwoThree",
    "Expect": {
      "Bad": true
    }
  }
]
